TEST TEST TEST 132312
ANOTHER LINE 456456
FINAL LINE 789789 